// Jest Snapshot v1, https://goo.gl/fbAQLP

exports[`Footer Snapshot Comprobar la UI del componente Footer 1`] = `
<footer
  className="Footer"
>
  <div
    className="Block-Content"
  >
    <h3>
      ¡Bienvenido!
    </h3>
    <p
      className="Content"
    >
      Lorem ipsum dolor sit amet, consectetuer adipiscing elit. 
      <span>
        Aenean commodo
      </span>
       liguia eget dolor. Aenean massa. Cum socils natoque penatibus et magnis dis parturiet montes, nascetur ridiculus mus.
    </p>
    <p
      className="Content"
    >
      Nulla consequat massa quis enim. Donec pede justo, fringilla vel, aliquet nec, vulputate eget, arcu. In enim justo, rhoncus ut, imperdiet a, venenatis vitae, justo. 
      <span>
        Nullam dictum
      </span>
       felis eu pede mollis pretum. Integer tincidunt. Cras dapibus. Vivamus elementum semper nisi. Aenean vulputate eleifend tellus.
    </p>
    <button
      className="Button"
      href=""
      id="1"
      onClick={[Function]}
    >
      Leer más
    </button>
  </div>
  <div
    className="Block-Content"
  >
    <h3>
      Noticias Recientes
    </h3>
    <p
      className="Content-Date"
    >
      Publicada: 09.09.2012
    </p>
    <p
      className="Content"
    >
      Nam liber tempor cum soluta nobis eleifend option congue nihimperdiet doming quod mazim placerat facer possim assum orem ipsum dolor sit amet consectetuer.
    </p>
    <p
      className="Content-Date"
    >
      Publicada: 08.09.2012
    </p>
    <p
      className="Content"
    >
      Adipiscing elit, sed diam nonummy nibh euismod tincidunt ut laoreet dolore magna aliquam erat volutpat. Ut wisi enim ad minim veniam, quis nostrud exerci tation.
    </p>
    <button
      className="Button"
      href=""
      id="2"
      onClick={[Function]}
    >
      Más noticias
    </button>
  </div>
  <div
    className="Block-Content"
  >
    <h3>
      Nuestros Servicios
    </h3>
    <ul>
      <li>
        &gt;
         Consultoría Gerencial
      </li>
      <li>
        &gt;
         Análisis Regulatorio de Politicas
      </li>
      <li>
        &gt;
         Investigación de Mercado
      </li>
      <li>
        &gt;
         Gestión de Proyectos
      </li>
      <li>
        &gt;
         Regulación de Soporte
      </li>
      <li>
        &gt;
         Análisis de Riesgos
      </li>
      <li>
        &gt;
         Formación Gerencial
      </li>
    </ul>
    <button
      className="Button"
      href=""
      id="3"
      onClick={[Function]}
    >
      Leer más
    </button>
  </div>
</footer>
`;
