// Jest Snapshot v1, https://goo.gl/fbAQLP

exports[`Menu Snapshot Comprobar la UI del componente Menu 1`] = `
<ul
  className="Menu"
>
  <li
    className="Active Button-Menu"
    id="home"
    onClick={[Function]}
  >
    Inicio
  </li>
  <li
    className="Button-Menu"
    id="about"
    onClick={[Function]}
  >
    Acerca
  </li>
  <li
    className="Button-Menu"
    id="services"
    onClick={[Function]}
  >
    Servicios
  </li>
  <li
    className="Button-Menu"
    id="products"
    onClick={[Function]}
  >
    Productos
  </li>
  <li
    className="Button-Menu"
    id="contact"
    onClick={[Function]}
  >
    Contacto
  </li>
</ul>
`;
